   Compiling rumpus_benchmark v0.1.0 (/home/ben/git/research/rumpus_benchmark)
warning: unused imports: `Aop`, `Dop`, `Gray`, `model::SkyModel`, and `simulation::Simulation`
 --> src/bin/test_hough_transform.rs:4:13
  |
4 |     image::{Gray, Jet, RayImage},
  |             ^^^^
5 |     model::SkyModel,
  |     ^^^^^^^^^^^^^^^
6 |     optic::{Camera, PinholeOptic, PixelCoordinate, RayDirection},
7 |     prelude::{Aop, Dop},
  |               ^^^  ^^^
8 |     ray::GlobalFrame,
9 |     simulation::Simulation,
  |     ^^^^^^^^^^^^^^^^^^^^^^
  |
  = note: `#[warn(unused_imports)]` (part of `#[warn(unused)]`) on by default

warning: unused import: `InsEnu`
  --> src/bin/test_hough_transform.rs:13:29
   |
13 |     systems::{self, CamXyz, InsEnu, up_in_cam},
   |                             ^^^^^^

warning: unused imports: `RayImage` and `RayMap`
 --> src/bin/test_simulation.rs:4:32
  |
4 |     image::{Binary, Gray, Jet, RayImage, RayMap}, optic::{Camera, PinholeOptic, RayDirection}, prelude::Dop, simulation::Simulation
  |                                ^^^^^^^^  ^^^^^^
  |
  = note: `#[warn(unused_imports)]` (part of `#[warn(unused)]`) on by default

warning: unused variable: `cam_in_ecef`
  --> src/bin/test_hough_transform.rs:87:13
   |
87 |         let cam_in_ecef = systems::ins_to_ecef(&ins_frame.position).transform(cam_in_ins_enu);
   |             ^^^^^^^^^^^ help: if this is intentional, prefix it with an underscore: `_cam_in_ecef`
   |
   = note: `#[warn(unused_variables)]` (part of `#[warn(unused)]`) on by default

warning: method `resolution` is never used
   --> src/bin/test_hough_transform.rs:324:8
    |
309 | impl Cli {
    | -------- method in this implementation
...
324 |     fn resolution(&self) -> Angle {
    |        ^^^^^^^^^^
    |
    = note: `#[warn(dead_code)]` (part of `#[warn(unused)]`) on by default

warning: `rumpus_benchmark` (bin "test_simulation" test) generated 1 warning (run `cargo fix --bin "test_simulation" -p rumpus_benchmark --tests` to apply 1 suggestion)
warning: `rumpus_benchmark` (bin "test_hough_transform" test) generated 4 warnings (run `cargo fix --bin "test_hough_transform" -p rumpus_benchmark --tests` to apply 3 suggestions)
    Finished `test` profile [unoptimized + debuginfo] target(s) in 0.37s
     Running unittests src/lib.rs (target/debug/deps/rumpus_benchmark-46f430d659fb2d52)
     Running unittests src/bin/test_camera_orientation.rs (target/debug/deps/test_camera_orientation-7fb5f9015f649ee3)
     Running unittests src/bin/test_hough_transform.rs (target/debug/deps/test_hough_transform-fe239427572e0c01)
     Running unittests src/bin/test_pattern_match.rs (target/debug/deps/test_pattern_match-93d87f0a75960bca)
     Running unittests src/bin/test_simulation.rs (target/debug/deps/test_simulation-644beb916a346776)
   Doc-tests rumpus_benchmark
error: doctest failed, to rerun pass `--doc`
